// Jest Snapshot v1, https://goo.gl/fbAQLP

exports[`ui-elements-layout Components GridWrapper should render with Grid Grow element and correct props 1`] = `
.c0 {
  box-sizing: border-box;
  display: -webkit-box;
  display: -webkit-flex;
  display: -ms-flexbox;
  display: flex;
  -webkit-flex-direction: row;
  -ms-flex-direction: row;
  flex-direction: row;
  width: 100%;
  -webkit-flex-wrap: wrap;
  -ms-flex-wrap: wrap;
  flex-wrap: wrap;
  -webkit-box-pack: justify;
  -webkit-justify-content: space-between;
  -ms-flex-pack: justify;
  justify-content: space-between;
}

.c0 > div {
  box-sizing: border-box;
  -webkit-flex-basis: 49%;
  -ms-flex-preferred-size: 49%;
  flex-basis: 49%;
  margin-bottom: 14px;
}

.c0 > :first-child {
  margin-left: 0;
}

.c0 > :last-child {
  margin-right: auto;
  margin-left: 2%;
}

.c1.c1 {
  -webkit-box-pack: justify;
  -webkit-justify-content: space-between;
  -ms-flex-pack: justify;
  justify-content: space-between;
  -webkit-flex-basis: 49%;
  -ms-flex-preferred-size: 49%;
  flex-basis: 49%;
}

<div
  className="c0"
>
  <div
    className="c1"
  >
    <div />
  </div>
</div>
`;

exports[`ui-elements-layout Components GridWrapper should render with Grid Grow element and incorrect props 1`] = `
.c0 {
  box-sizing: border-box;
  display: -webkit-box;
  display: -webkit-flex;
  display: -ms-flexbox;
  display: flex;
  -webkit-flex-direction: row;
  -ms-flex-direction: row;
  flex-direction: row;
  width: 100%;
  -webkit-flex-wrap: wrap;
  -ms-flex-wrap: wrap;
  flex-wrap: wrap;
  -webkit-box-pack: justify;
  -webkit-justify-content: space-between;
  -ms-flex-pack: justify;
  justify-content: space-between;
}

.c0 > div {
  box-sizing: border-box;
  -webkit-flex-basis: 49%;
  -ms-flex-preferred-size: 49%;
  flex-basis: 49%;
  margin-bottom: 14px;
}

.c0 > :first-child {
  margin-left: 0;
}

.c0 > :last-child {
  margin-right: auto;
  margin-left: 2%;
}

.c1.c1 {
  -webkit-box-pack: justify;
  -webkit-justify-content: space-between;
  -ms-flex-pack: justify;
  justify-content: space-between;
  -webkit-flex-basis: 49%;
  -ms-flex-preferred-size: 49%;
  flex-basis: 49%;
}

<div
  className="c0"
>
  <div
    className="c1"
  >
    <div />
  </div>
</div>
`;
