// Jest Snapshot v1, https://goo.gl/fbAQLP

exports[`ui-elements-basic Components NoFocus should properly render with another element inside 1`] = `
<div
  className="nofocus"
  onClick={[Function]}
>
  <button />
</div>
`;
