// Jest Snapshot v1, https://goo.gl/fbAQLP

exports[`ui-elements-tables Components RenderContentWrapper Should render without throwing an exception 1`] = `
<div>
  content
</div>
`;
