// Jest Snapshot v1, https://goo.gl/fbAQLP

exports[`ui-elements-tables Components TableBody should render with default state 1`] = `
.c0 {
  background-color: #surface;
  font-size: .75em;
}

.c0 > tr:not(:first-child) {
  border-top: solid 2px #midground;
}

<tbody
  className="c0"
/>
`;
