// Jest Snapshot v1, https://goo.gl/fbAQLP

exports[`ui-elements-navigation HoC withMenuWrapper Renders component with wrapper 1`] = `
.c0 {
  width: 100%;
  height: 100%;
  background-color: #surface;
}

.c0 .c1 {
  -webkit-box-pack: center;
  -webkit-justify-content: center;
  -ms-flex-pack: center;
  justify-content: center;
  -webkit-flex-direction: column;
  -ms-flex-direction: column;
  flex-direction: column;
  border-width: 0 0 0 4px;
}

.c0 .c2 {
  display: none;
  text-align: center;
}

.c0 .c3 {
  display: none;
  -webkit-order: -1;
  -ms-flex-order: -1;
  order: -1;
  padding: 0 7px;
}

<div
  className="c0"
  display={Array []}
>
  <p />
</div>
`;
