// Jest Snapshot v1, https://goo.gl/fbAQLP

exports[`ui-elements-cloud-integrations Components SaveToGoogleDrive should render with default state 1`] = `
<div
  className="SaveToGoogleDrive"
/>
`;
