// Jest Snapshot v1, https://goo.gl/fbAQLP

exports[`ui-elements-basic Components MediaQuery should render with some children inside 1`] = `
<input
  type="text"
/>
`;
