// Jest Snapshot v1, https://goo.gl/fbAQLP

exports[`ui-elements-layout Components HorizontalRule should render with default state 1`] = `
.c0 {
  border: none;
  border-bottom: 1px solid;
  color: #divider_inverted;
  width: auto;
}

<hr
  className="c0"
/>
`;
