// Jest Snapshot v1, https://goo.gl/fbAQLP

exports[`ui-elements-navigation Components MenuVertical should render with default state 1`] = `
.c0 {
  display: -webkit-box;
  display: -webkit-flex;
  display: -ms-flexbox;
  display: flex;
  -webkit-flex-direction: column;
  -ms-flex-direction: column;
  flex-direction: column;
  background-color: #background;
  overflow: hidden;
}

<div
  className="c0"
/>
`;
