// Jest Snapshot v1, https://goo.gl/fbAQLP

exports[`ui-elements-basic Components WithSkeletonExampleSkeleton should render with default properties only 1`] = `
<div
  id="BasicSkeleton"
/>
`;
